-- Configuring done (0.0s)
-- Generating done (0.0s)
-- Build files have been written to: /home/yuan/code/ERWT3D/build
[  7%] Built target gen_test_data
[ 10%] Building CXX object CMakeFiles/erwt3d_bench_raw.dir/tools/erwt3d_bench_raw.cpp.o
[ 17%] Building CXX object CMakeFiles/erwt3d.dir/src/cache.cpp.o
[ 17%] Building CXX object CMakeFiles/erwt3d.dir/src/slice.cpp.o
[ 21%] Building CXX object CMakeFiles/erwt3d.dir/src/reader.cpp.o
[ 25%] Linking CXX executable erwt3d_bench_raw
[ 25%] Built target erwt3d_bench_raw
[ 28%] Linking CXX static library liberwt3d.a
[ 42%] Built target erwt3d
[ 50%] Building CXX object CMakeFiles/erwt3d_convert.dir/tools/erwt3d_convert.cpp.o
[ 50%] Building CXX object CMakeFiles/erwt3d_slice.dir/tools/erwt3d_slice.cpp.o
[ 53%] Linking CXX executable test_morton
[ 57%] Building CXX object CMakeFiles/erwt3d_verify.dir/tools/erwt3d_verify.cpp.o
[ 60%] Building CXX object CMakeFiles/erwt3d_info.dir/tools/erwt3d_info.cpp.o
[ 64%] Building CXX object CMakeFiles/erwt3d_bench.dir/tools/erwt3d_bench.cpp.o
[ 67%] Building CXX object CMakeFiles/test_roundtrip.dir/tests/test_roundtrip.cpp.o
[ 71%] Building CXX object CMakeFiles/test_slice.dir/tests/test_slice.cpp.o
[ 75%] Built target test_morton
[ 78%] Linking CXX executable erwt3d_info
[ 82%] Linking CXX executable erwt3d_convert
[ 82%] Built target erwt3d_info
[ 85%] Linking CXX executable test_roundtrip
[ 89%] Linking CXX executable erwt3d_slice
[ 89%] Built target erwt3d_convert
[ 92%] Linking CXX executable test_slice
[ 96%] Linking CXX executable erwt3d_verify
[ 96%] Built target test_roundtrip
[ 96%] Built target erwt3d_slice
[ 96%] Built target test_slice
[ 96%] Built target erwt3d_verify
[100%] Linking CXX executable erwt3d_bench
[100%] Built target erwt3d_bench
